Component: ARM Compiler 5.06 update 6 (build 750) Tool: armlink [4d35ed]

==============================================================================

Section Cross References

    driver_keil.o(i.__main) refers to rt_memcpy_w.o(.text) for __aeabi_memcpy4
    driver_keil.o(i.__main) refers to stdlib.o(.text) for _bzero
    svc.o(.text) refers to heap.o(.text) for _kalloc
    startup_tm4c129_1.o(RESET) refers to startup_tm4c129_1.o(STACK) for __initial_sp
    startup_tm4c129_1.o(RESET) refers to startup_tm4c129_1.o(.text) for Reset_Handler
    startup_tm4c129_1.o(.text) refers to startup_tm4c129_1.o(STACK) for __initial_sp
    startup_tm4c129_1.o(.text) refers to system_tm4c129.o(i.SystemInit) for SystemInit
    startup_tm4c129_1.o(.text) refers to heap.o(.text) for _heap_init
    startup_tm4c129_1.o(.text) refers to svc.o(.text) for _systemcall_table_init
    startup_tm4c129_1.o(.text) refers to driver_keil.o(i.__main) for __main
    startup_tm4c129_1.o(.text) refers to startup_tm4c129_1.o(HEAP) for Heap_Mem
    system_tm4c129.o(i.SystemCoreClockUpdate) refers to system_tm4c129.o(.data) for SystemCoreClock
    system_tm4c129.o(i.SystemInit) refers to system_tm4c129.o(.data) for SystemCoreClock


==============================================================================

Removing Unused input sections from the image.

    Removing system_tm4c129.o(.rev16_text), (4 bytes).
    Removing system_tm4c129.o(.revsh_text), (4 bytes).
    Removing system_tm4c129.o(.rrx_text), (6 bytes).
    Removing system_tm4c129.o(i.SystemCoreClockUpdate), (16 bytes).

4 unused section(s) (total 30 bytes) removed from the image.

==============================================================================

Image Symbol Table

    Local Symbols

    Symbol Name                              Value     Ov Type        Size  Object(Section)

    RESET                                    0x00000000   Section      512  startup_tm4c129_1.o(RESET)
    ../clib/memcpset.s                       0x00000000   Number         0  rt_memcpy_w.o ABSOLUTE
    RTE\Device\TM4C129XNCZAD\startup_TM4C129.s 0x00000000   Number         0  startup_tm4c129_1.o ABSOLUTE
    RTE\Device\TM4C129XNCZAD\system_TM4C129.c 0x00000000   Number         0  system_tm4c129.o ABSOLUTE
    RTE\\Device\\TM4C129XNCZAD\\system_TM4C129.c 0x00000000   Number         0  system_tm4c129.o ABSOLUTE
    dc.s                                     0x00000000   Number         0  dc.o ABSOLUTE
    driver_keil.c                            0x00000000   Number         0  driver_keil.o ABSOLUTE
    heap.s                                   0x00000000   Number         0  heap.o ABSOLUTE
    stdlib.s                                 0x00000000   Number         0  stdlib.o ABSOLUTE
    svc.s                                    0x00000000   Number         0  svc.o ABSOLUTE
    .text                                    0x00000200   Section      752  heap.o(.text)
    $v0                                      0x00000200   Number         0  heap.o(.text)
    .text                                    0x000004f0   Section       88  stdlib.o(.text)
    $v0                                      0x000004f0   Number         0  stdlib.o(.text)
    .text                                    0x00000548   Section      108  svc.o(.text)
    $v0                                      0x00000548   Number         0  svc.o(.text)
    _sys_exit                                0x00000575   Thumb Code     0  svc.o(.text)
    _sys_malloc                              0x0000057f   Thumb Code     0  svc.o(.text)
    _sys_free                                0x0000058d   Thumb Code     0  svc.o(.text)
    .text                                    0x000005b4   Section      372  startup_tm4c129_1.o(.text)
    $v0                                      0x000005b4   Number         0  startup_tm4c129_1.o(.text)
    .text                                    0x00000728   Section      100  rt_memcpy_w.o(.text)
    i.SystemInit                             0x0000078c   Section        0  system_tm4c129.o(i.SystemInit)
    i.__main                                 0x000007ac   Section        0  driver_keil.o(i.__main)
    .data                                    0x20000000   Section        4  system_tm4c129.o(.data)
    HEAP                                     0x20000008   Section    20480  startup_tm4c129_1.o(HEAP)
    Heap_Mem                                 0x20000008   Data       20480  startup_tm4c129_1.o(HEAP)
    STACK                                    0x20005008   Section     4096  startup_tm4c129_1.o(STACK)
    Thread_Stack_Mem                         0x20005008   Data        2048  startup_tm4c129_1.o(STACK)
    __initial_user_sp                        0x20005808   Data           0  startup_tm4c129_1.o(STACK)
    __initial_sp                             0x20006008   Data           0  startup_tm4c129_1.o(STACK)

    Global Symbols

    Symbol Name                              Value     Ov Type        Size  Object(Section)

    BuildAttributes$$THM_ISAv4$E$P$D$K$B$S$7EM$VFPi3$EXTD16$VFPS$VFMA$PE$A:L22UL41UL21$X:L11$S22US41US21$IEEE1$IW$USESV6$~STKCKD$USESV7$~SHL$OSPACE$ROPI$EBA8$STANDARDLIB$REQ8$EABIv2 0x00000000   Number         0  anon$$obj.o ABSOLUTE
    __Vectors                                0x00000000   Data           4  startup_tm4c129_1.o(RESET)
    __Vectors_End                            0x00000200   Data           0  startup_tm4c129_1.o(RESET)
    __Vectors_Size                           0x00000200   Number         0  startup_tm4c129_1.o ABSOLUTE
    _heap_init                               0x00000201   Thumb Code     0  heap.o(.text)
    _kalloc                                  0x0000023b   Thumb Code     0  heap.o(.text)
    _kfree                                   0x0000037b   Thumb Code     0  heap.o(.text)
    _bzero                                   0x000004f1   Thumb Code     0  stdlib.o(.text)
    _strncpy                                 0x0000050d   Thumb Code     0  stdlib.o(.text)
    _malloc                                  0x00000529   Thumb Code     0  stdlib.o(.text)
    _free                                    0x00000539   Thumb Code     0  stdlib.o(.text)
    _systemcall_table_init                   0x00000549   Thumb Code     0  svc.o(.text)
    _systemcall_table_jump                   0x0000055d   Thumb Code     0  svc.o(.text)
    Reset_Handler                            0x000005b5   Thumb Code    38  startup_tm4c129_1.o(.text)
    NMI_Handler                              0x000005db   Thumb Code     2  startup_tm4c129_1.o(.text)
    HardFault_Handler                        0x000005dd   Thumb Code     2  startup_tm4c129_1.o(.text)
    MemManage_Handler                        0x000005df   Thumb Code     2  startup_tm4c129_1.o(.text)
    BusFault_Handler                         0x000005e1   Thumb Code     2  startup_tm4c129_1.o(.text)
    UsageFault_Handler                       0x000005e3   Thumb Code     2  startup_tm4c129_1.o(.text)
    SVC_Handler                              0x000005e5   Thumb Code    18  startup_tm4c129_1.o(.text)
    DebugMon_Handler                         0x000005f7   Thumb Code     2  startup_tm4c129_1.o(.text)
    PendSV_Handler                           0x000005f9   Thumb Code     2  startup_tm4c129_1.o(.text)
    SysTick_Handler                          0x000005fb   Thumb Code     2  startup_tm4c129_1.o(.text)
    GPIOA_Handler                            0x000005fd   Thumb Code     2  startup_tm4c129_1.o(.text)
    GPIOB_Handler                            0x000005ff   Thumb Code     2  startup_tm4c129_1.o(.text)
    GPIOC_Handler                            0x00000601   Thumb Code     2  startup_tm4c129_1.o(.text)
    GPIOD_Handler                            0x00000603   Thumb Code     2  startup_tm4c129_1.o(.text)
    GPIOE_Handler                            0x00000605   Thumb Code     2  startup_tm4c129_1.o(.text)
    UART0_Handler                            0x00000607   Thumb Code     2  startup_tm4c129_1.o(.text)
    UART1_Handler                            0x00000609   Thumb Code     2  startup_tm4c129_1.o(.text)
    SSI0_Handler                             0x0000060b   Thumb Code     2  startup_tm4c129_1.o(.text)
    I2C0_Handler                             0x0000060d   Thumb Code     2  startup_tm4c129_1.o(.text)
    PMW0_FAULT_Handler                       0x0000060f   Thumb Code     2  startup_tm4c129_1.o(.text)
    PWM0_0_Handler                           0x00000611   Thumb Code     2  startup_tm4c129_1.o(.text)
    PWM0_1_Handler                           0x00000613   Thumb Code     2  startup_tm4c129_1.o(.text)
    PWM0_2_Handler                           0x00000615   Thumb Code     2  startup_tm4c129_1.o(.text)
    QEI0_Handler                             0x00000617   Thumb Code     2  startup_tm4c129_1.o(.text)
    ADC0SS0_Handler                          0x00000619   Thumb Code     2  startup_tm4c129_1.o(.text)
    ADC0SS1_Handler                          0x0000061b   Thumb Code     2  startup_tm4c129_1.o(.text)
    ADC0SS2_Handler                          0x0000061d   Thumb Code     2  startup_tm4c129_1.o(.text)
    ADC0SS3_Handler                          0x0000061f   Thumb Code     2  startup_tm4c129_1.o(.text)
    WDT0_Handler                             0x00000621   Thumb Code     2  startup_tm4c129_1.o(.text)
    TIMER0A_Handler                          0x00000623   Thumb Code     2  startup_tm4c129_1.o(.text)
    TIMER0B_Handler                          0x00000625   Thumb Code     2  startup_tm4c129_1.o(.text)
    TIMER1A_Handler                          0x00000627   Thumb Code     2  startup_tm4c129_1.o(.text)
    TIMER1B_Handler                          0x00000629   Thumb Code     2  startup_tm4c129_1.o(.text)
    TIMER2A_Handler                          0x0000062b   Thumb Code     2  startup_tm4c129_1.o(.text)
    TIMER2B_Handler                          0x0000062d   Thumb Code     2  startup_tm4c129_1.o(.text)
    COMP0_Handler                            0x0000062f   Thumb Code     2  startup_tm4c129_1.o(.text)
    COMP1_Handler                            0x00000631   Thumb Code     2  startup_tm4c129_1.o(.text)
    COMP2_Handler                            0x00000633   Thumb Code     2  startup_tm4c129_1.o(.text)
    SYSCTL_Handler                           0x00000635   Thumb Code     2  startup_tm4c129_1.o(.text)
    FLASH_Handler                            0x00000637   Thumb Code     2  startup_tm4c129_1.o(.text)
    GPIOF_Handler                            0x00000639   Thumb Code     2  startup_tm4c129_1.o(.text)
    GPIOG_Handler                            0x0000063b   Thumb Code     2  startup_tm4c129_1.o(.text)
    GPIOH_Handler                            0x0000063d   Thumb Code     2  startup_tm4c129_1.o(.text)
    UART2_Handler                            0x0000063f   Thumb Code     2  startup_tm4c129_1.o(.text)
    SSI1_Handler                             0x00000641   Thumb Code     2  startup_tm4c129_1.o(.text)
    TIMER3A_Handler                          0x00000643   Thumb Code     2  startup_tm4c129_1.o(.text)
    TIMER3B_Handler                          0x00000645   Thumb Code     2  startup_tm4c129_1.o(.text)
    I2C1_Handler                             0x00000647   Thumb Code     2  startup_tm4c129_1.o(.text)
    CAN0_Handler                             0x00000649   Thumb Code     2  startup_tm4c129_1.o(.text)
    CAN1_Handler                             0x0000064b   Thumb Code     2  startup_tm4c129_1.o(.text)
    ETH_Handler                              0x0000064d   Thumb Code     2  startup_tm4c129_1.o(.text)
    HIB_Handler                              0x0000064f   Thumb Code     2  startup_tm4c129_1.o(.text)
    USB0_Handler                             0x00000651   Thumb Code     2  startup_tm4c129_1.o(.text)
    PWM0_3_Handler                           0x00000653   Thumb Code     2  startup_tm4c129_1.o(.text)
    UDMA_Handler                             0x00000655   Thumb Code     2  startup_tm4c129_1.o(.text)
    UDMAERR_Handler                          0x00000657   Thumb Code     2  startup_tm4c129_1.o(.text)
    ADC1SS0_Handler                          0x00000659   Thumb Code     2  startup_tm4c129_1.o(.text)
    ADC1SS1_Handler                          0x0000065b   Thumb Code     2  startup_tm4c129_1.o(.text)
    ADC1SS2_Handler                          0x0000065d   Thumb Code     2  startup_tm4c129_1.o(.text)
    ADC1SS3_Handler                          0x0000065f   Thumb Code     2  startup_tm4c129_1.o(.text)
    EBI0_Handler                             0x00000661   Thumb Code     2  startup_tm4c129_1.o(.text)
    GPIOJ_Handler                            0x00000663   Thumb Code     2  startup_tm4c129_1.o(.text)
    GPIOK_Handler                            0x00000665   Thumb Code     2  startup_tm4c129_1.o(.text)
    GPIOL_Handler                            0x00000667   Thumb Code     2  startup_tm4c129_1.o(.text)
    SSI2_Handler                             0x00000669   Thumb Code     2  startup_tm4c129_1.o(.text)
    SSI3_Handler                             0x0000066b   Thumb Code     2  startup_tm4c129_1.o(.text)
    UART3_Handler                            0x0000066d   Thumb Code     2  startup_tm4c129_1.o(.text)
    UART4_Handler                            0x0000066f   Thumb Code     2  startup_tm4c129_1.o(.text)
    UART5_Handler                            0x00000671   Thumb Code     2  startup_tm4c129_1.o(.text)
    UART6_Handler                            0x00000673   Thumb Code     2  startup_tm4c129_1.o(.text)
    UART7_Handler                            0x00000675   Thumb Code     2  startup_tm4c129_1.o(.text)
    I2C2_Handler                             0x00000677   Thumb Code     2  startup_tm4c129_1.o(.text)
    I2C3_Handler                             0x00000679   Thumb Code     2  startup_tm4c129_1.o(.text)
    TIMER4A_Handler                          0x0000067b   Thumb Code     2  startup_tm4c129_1.o(.text)
    TIMER4B_Handler                          0x0000067d   Thumb Code     2  startup_tm4c129_1.o(.text)
    TIMER5A_Handler                          0x0000067f   Thumb Code     2  startup_tm4c129_1.o(.text)
    TIMER5B_Handler                          0x00000681   Thumb Code     2  startup_tm4c129_1.o(.text)
    WTIMER0A_Handler                         0x00000683   Thumb Code     2  startup_tm4c129_1.o(.text)
    WTIMER0B_Handler                         0x00000685   Thumb Code     2  startup_tm4c129_1.o(.text)
    WTIMER1A_Handler                         0x00000687   Thumb Code     2  startup_tm4c129_1.o(.text)
    WTIMER1B_Handler                         0x00000689   Thumb Code     2  startup_tm4c129_1.o(.text)
    WTIMER2A_Handler                         0x0000068b   Thumb Code     2  startup_tm4c129_1.o(.text)
    WTIMER2B_Handler                         0x0000068d   Thumb Code     2  startup_tm4c129_1.o(.text)
    WTIMER3A_Handler                         0x0000068f   Thumb Code     2  startup_tm4c129_1.o(.text)
    WTIMER3B_Handler                         0x00000691   Thumb Code     2  startup_tm4c129_1.o(.text)
    WTIMER4A_Handler                         0x00000693   Thumb Code     2  startup_tm4c129_1.o(.text)
    WTIMER4B_Handler                         0x00000695   Thumb Code     2  startup_tm4c129_1.o(.text)
    WTIMER5A_Handler                         0x00000697   Thumb Code     2  startup_tm4c129_1.o(.text)
    WTIMER5B_Handler                         0x00000699   Thumb Code     2  startup_tm4c129_1.o(.text)
    FPU_Handler                              0x0000069b   Thumb Code     2  startup_tm4c129_1.o(.text)
    I2C4_Handler                             0x0000069d   Thumb Code     2  startup_tm4c129_1.o(.text)
    I2C5_Handler                             0x0000069f   Thumb Code     2  startup_tm4c129_1.o(.text)
    GPIOM_Handler                            0x000006a1   Thumb Code     2  startup_tm4c129_1.o(.text)
    GPION_Handler                            0x000006a3   Thumb Code     2  startup_tm4c129_1.o(.text)
    TAMPER_Handler                           0x000006a5   Thumb Code     2  startup_tm4c129_1.o(.text)
    GPIOP0_Handler                           0x000006a7   Thumb Code     2  startup_tm4c129_1.o(.text)
    GPIOP1_Handler                           0x000006a9   Thumb Code     2  startup_tm4c129_1.o(.text)
    GPIOP2_Handler                           0x000006ab   Thumb Code     2  startup_tm4c129_1.o(.text)
    GPIOP3_Handler                           0x000006ad   Thumb Code     2  startup_tm4c129_1.o(.text)
    GPIOP4_Handler                           0x000006af   Thumb Code     2  startup_tm4c129_1.o(.text)
    GPIOP5_Handler                           0x000006b1   Thumb Code     2  startup_tm4c129_1.o(.text)
    GPIOP6_Handler                           0x000006b3   Thumb Code     2  startup_tm4c129_1.o(.text)
    GPIOP7_Handler                           0x000006b5   Thumb Code     2  startup_tm4c129_1.o(.text)
    GPIOQ0_Handler                           0x000006b7   Thumb Code     2  startup_tm4c129_1.o(.text)
    GPIOQ1_Handler                           0x000006b9   Thumb Code     2  startup_tm4c129_1.o(.text)
    GPIOQ2_Handler                           0x000006bb   Thumb Code     2  startup_tm4c129_1.o(.text)
    GPIOQ3_Handler                           0x000006bd   Thumb Code     2  startup_tm4c129_1.o(.text)
    GPIOQ4_Handler                           0x000006bf   Thumb Code     2  startup_tm4c129_1.o(.text)
    GPIOQ5_Handler                           0x000006c1   Thumb Code     2  startup_tm4c129_1.o(.text)
    GPIOQ6_Handler                           0x000006c3   Thumb Code     2  startup_tm4c129_1.o(.text)
    GPIOQ7_Handler                           0x000006c5   Thumb Code     2  startup_tm4c129_1.o(.text)
    GPIOR_Handler                            0x000006c7   Thumb Code     2  startup_tm4c129_1.o(.text)
    GPIOS_Handler                            0x000006c9   Thumb Code     2  startup_tm4c129_1.o(.text)
    SHAMD5_Handler                           0x000006cb   Thumb Code     2  startup_tm4c129_1.o(.text)
    AES_Handler                              0x000006cd   Thumb Code     2  startup_tm4c129_1.o(.text)
    DES3DES_Handler                          0x000006cf   Thumb Code     2  startup_tm4c129_1.o(.text)
    LCDCONTROLLER_Handler                    0x000006d1   Thumb Code     2  startup_tm4c129_1.o(.text)
    TIMER6A_Handler                          0x000006d3   Thumb Code     2  startup_tm4c129_1.o(.text)
    TIMER6B_Handler                          0x000006d5   Thumb Code     2  startup_tm4c129_1.o(.text)
    TIMER7A_Handler                          0x000006d7   Thumb Code     2  startup_tm4c129_1.o(.text)
    TIMER7B_Handler                          0x000006d9   Thumb Code     2  startup_tm4c129_1.o(.text)
    I2C6_Handler                             0x000006db   Thumb Code     2  startup_tm4c129_1.o(.text)
    I2C7_Handler                             0x000006dd   Thumb Code     2  startup_tm4c129_1.o(.text)
    HIMSCANKEYBOARD_Handler                  0x000006df   Thumb Code     2  startup_tm4c129_1.o(.text)
    ONEWIRE_Handler                          0x000006e1   Thumb Code     2  startup_tm4c129_1.o(.text)
    HIMPS2_Handler                           0x000006e3   Thumb Code     2  startup_tm4c129_1.o(.text)
    HIMLEDSEQUENCER_Handler                  0x000006e5   Thumb Code     2  startup_tm4c129_1.o(.text)
    HIMCONSUMERIR_Handler                    0x000006e7   Thumb Code     2  startup_tm4c129_1.o(.text)
    I2C8_Handler                             0x000006e9   Thumb Code     2  startup_tm4c129_1.o(.text)
    I2C9_Handler                             0x000006eb   Thumb Code     2  startup_tm4c129_1.o(.text)
    GPIOT_Handler                            0x000006ed   Thumb Code     2  startup_tm4c129_1.o(.text)
    __user_initial_stackheap                 0x000006f1   Thumb Code     0  startup_tm4c129_1.o(.text)
    __aeabi_memcpy4                          0x00000729   Thumb Code     0  rt_memcpy_w.o(.text)
    __aeabi_memcpy8                          0x00000729   Thumb Code     0  rt_memcpy_w.o(.text)
    __rt_memcpy_w                            0x00000729   Thumb Code   100  rt_memcpy_w.o(.text)
    _memcpy_lastbytes_aligned                0x00000771   Thumb Code     0  rt_memcpy_w.o(.text)
    SystemInit                               0x0000078d   Thumb Code    20  system_tm4c129.o(i.SystemInit)
    __main                                   0x000007ad   Thumb Code   194  driver_keil.o(i.__main)
    SystemCoreClock                          0x20000000   Data           4  system_tm4c129.o(.data)



==============================================================================

Memory Map of the image

  Image Entry point : 0x000005b5

  Load Region LR_1 (Base: 0x00000000, Size: 0x0000089c, Max: 0xffffffff, ABSOLUTE)

    Execution Region ER_RO (Exec base: 0x00000000, Load base: 0x00000000, Size: 0x00000898, Max: 0xffffffff, ABSOLUTE)

    Exec Addr    Load Addr    Size         Type   Attr      Idx    E Section Name        Object

    0x00000000   0x00000000   0x00000200   Data   RO           26    RESET               startup_tm4c129_1.o
    0x00000200   0x00000200   0x000002f0   Code   RO           14    .text               heap.o
    0x000004f0   0x000004f0   0x00000058   Code   RO           18    .text               stdlib.o
    0x00000548   0x00000548   0x0000006c   Code   RO           21    .text               svc.o
    0x000005b4   0x000005b4   0x00000174   Code   RO           27  * .text               startup_tm4c129_1.o
    0x00000728   0x00000728   0x00000064   Code   RO           91    .text               c_w.l(rt_memcpy_w.o)
    0x0000078c   0x0000078c   0x00000020   Code   RO           35    i.SystemInit        system_tm4c129.o
    0x000007ac   0x000007ac   0x000000ec   Code   RO            1    i.__main            driver_keil.o


    Execution Region ER_RW (Exec base: 0x20000000, Load base: 0x00000898, Size: 0x00000004, Max: 0xffffffff, ABSOLUTE)

    Exec Addr    Load Addr    Size         Type   Attr      Idx    E Section Name        Object

    0x20000000   0x00000898   0x00000004   Data   RW           36    .data               system_tm4c129.o


    Execution Region ER_ZI (Exec base: 0x20000004, Load base: 0x0000089c, Size: 0x00006004, Max: 0xffffffff, ABSOLUTE)

    Exec Addr    Load Addr    Size         Type   Attr      Idx    E Section Name        Object

    0x20000004   0x0000089c   0x00000004   PAD
    0x20000008        -       0x00005000   Zero   RW           24    HEAP                startup_tm4c129_1.o
    0x20005008        -       0x00001000   Zero   RW           25    STACK               startup_tm4c129_1.o


==============================================================================

Image component sizes


      Code (inc. data)   RO Data    RW Data    ZI Data      Debug   Object Name

       236         42          0          0          0       2205   driver_keil.o
       752         18          0          0          0        484   heap.o
       372         48        512          0      24576       6032   startup_tm4c129_1.o
        88          0          0          0          0        224   stdlib.o
       108         26          0          0          0        220   svc.o
        32         12          0          4          0       3779   system_tm4c129.o

    ----------------------------------------------------------------------
      1588        146        512          4      24580      12944   Object Totals
         0          0          0          0          0          0   (incl. Generated)
         0          0          0          0          4          0   (incl. Padding)

    ----------------------------------------------------------------------

      Code (inc. data)   RO Data    RW Data    ZI Data      Debug   Library Member Name

       100          0          0          0          0         80   rt_memcpy_w.o

    ----------------------------------------------------------------------
       100          0          0          0          0         80   Library Totals
         0          0          0          0          0          0   (incl. Padding)

    ----------------------------------------------------------------------

      Code (inc. data)   RO Data    RW Data    ZI Data      Debug   Library Name

       100          0          0          0          0         80   c_w.l

    ----------------------------------------------------------------------
       100          0          0          0          0         80   Library Totals

    ----------------------------------------------------------------------

==============================================================================


      Code (inc. data)   RO Data    RW Data    ZI Data      Debug   

      1688        146        512          4      24580      13024   Grand Totals
      1688        146        512          4      24580      13024   ELF Image Totals
      1688        146        512          4          0          0   ROM Totals

==============================================================================

    Total RO  Size (Code + RO Data)                 2200 (   2.15kB)
    Total RW  Size (RW Data + ZI Data)             24584 (  24.01kB)
    Total ROM Size (Code + RO Data + RW Data)       2204 (   2.15kB)

==============================================================================

