Component: ARM Compiler 5.06 update 6 (build 750) Tool: armlink [4d35ed]

==============================================================================

Section Cross References

    driver_keil.o(i.__main) refers to rt_memcpy_w.o(.text) for __aeabi_memcpy4
    driver_keil.o(i.__main) refers to stdlib.o(.text) for _bzero
    startup_tm4c129.o(STACK) refers (Special) to heapauxi.o(.text) for __use_two_region_memory
    startup_tm4c129.o(HEAP) refers (Special) to heapauxi.o(.text) for __use_two_region_memory
    startup_tm4c129.o(RESET) refers (Special) to heapauxi.o(.text) for __use_two_region_memory
    startup_tm4c129.o(RESET) refers to startup_tm4c129.o(STACK) for __initial_sp
    startup_tm4c129.o(RESET) refers to startup_tm4c129.o(.text) for Reset_Handler
    startup_tm4c129.o(.text) refers (Special) to heapauxi.o(.text) for __use_two_region_memory
    startup_tm4c129.o(.text) refers to system_tm4c129.o(i.SystemInit) for SystemInit
    startup_tm4c129.o(.text) refers to driver_keil.o(i.__main) for __main
    startup_tm4c129.o(.text) refers to startup_tm4c129.o(HEAP) for Heap_Mem
    startup_tm4c129.o(.text) refers to startup_tm4c129.o(STACK) for Stack_Mem
    system_tm4c129.o(i.SystemCoreClockUpdate) refers to system_tm4c129.o(.data) for SystemCoreClock
    system_tm4c129.o(i.SystemInit) refers to system_tm4c129.o(.data) for SystemCoreClock


==============================================================================

Removing Unused input sections from the image.

    Removing system_tm4c129.o(.rev16_text), (4 bytes).
    Removing system_tm4c129.o(.revsh_text), (4 bytes).
    Removing system_tm4c129.o(.rrx_text), (6 bytes).
    Removing system_tm4c129.o(i.SystemCoreClockUpdate), (16 bytes).

4 unused section(s) (total 30 bytes) removed from the image.

==============================================================================

Image Symbol Table

    Local Symbols

    Symbol Name                              Value     Ov Type        Size  Object(Section)

    RESET                                    0x00000000   Section      512  startup_tm4c129.o(RESET)
    ../clib/heapaux.c                        0x00000000   Number         0  heapauxi.o ABSOLUTE
    ../clib/memcpset.s                       0x00000000   Number         0  rt_memcpy_w.o ABSOLUTE
    RTE\Device\TM4C129XNCZAD\startup_TM4C129.s 0x00000000   Number         0  startup_tm4c129.o ABSOLUTE
    RTE\Device\TM4C129XNCZAD\system_TM4C129.c 0x00000000   Number         0  system_tm4c129.o ABSOLUTE
    RTE\\Device\\TM4C129XNCZAD\\system_TM4C129.c 0x00000000   Number         0  system_tm4c129.o ABSOLUTE
    dc.s                                     0x00000000   Number         0  dc.o ABSOLUTE
    driver_keil.c                            0x00000000   Number         0  driver_keil.o ABSOLUTE
    stdlib.s                                 0x00000000   Number         0  stdlib.o ABSOLUTE
    .text                                    0x00000200   Section       76  stdlib.o(.text)
    $v0                                      0x00000200   Number         0  stdlib.o(.text)
    .text                                    0x0000024c   Section      300  startup_tm4c129.o(.text)
    $v0                                      0x0000024c   Number         0  startup_tm4c129.o(.text)
    .text                                    0x00000378   Section      100  rt_memcpy_w.o(.text)
    .text                                    0x000003dc   Section        0  heapauxi.o(.text)
    i.SystemInit                             0x000003e4   Section        0  system_tm4c129.o(i.SystemInit)
    i.__main                                 0x00000404   Section        0  driver_keil.o(i.__main)
    .data                                    0x20000000   Section        4  system_tm4c129.o(.data)
    HEAP                                     0x20000008   Section        0  startup_tm4c129.o(HEAP)
    STACK                                    0x20000008   Section      512  startup_tm4c129.o(STACK)
    Heap_Mem                                 0x20000008   Data           0  startup_tm4c129.o(HEAP)
    Stack_Mem                                0x20000008   Data         512  startup_tm4c129.o(STACK)
    __initial_sp                             0x20000208   Data           0  startup_tm4c129.o(STACK)

    Global Symbols

    Symbol Name                              Value     Ov Type        Size  Object(Section)

    BuildAttributes$$THM_ISAv4$E$P$D$K$B$S$7EM$VFPi3$EXTD16$VFPS$VFMA$PE$A:L22UL41UL21$X:L11$S22US41US21$IEEE1$IW$USESV6$~STKCKD$USESV7$~SHL$OSPACE$ROPI$EBA8$STANDARDLIB$REQ8$EABIv2 0x00000000   Number         0  anon$$obj.o ABSOLUTE
    __Vectors                                0x00000000   Data           4  startup_tm4c129.o(RESET)
    __Vectors_End                            0x00000200   Data           0  startup_tm4c129.o(RESET)
    __Vectors_Size                           0x00000200   Number         0  startup_tm4c129.o ABSOLUTE
    _bzero                                   0x00000201   Thumb Code     0  stdlib.o(.text)
    _strncpy                                 0x0000021d   Thumb Code     0  stdlib.o(.text)
    _malloc                                  0x00000239   Thumb Code     0  stdlib.o(.text)
    _free                                    0x00000243   Thumb Code     0  stdlib.o(.text)
    Reset_Handler                            0x0000024d   Thumb Code     8  startup_tm4c129.o(.text)
    NMI_Handler                              0x00000255   Thumb Code     2  startup_tm4c129.o(.text)
    HardFault_Handler                        0x00000257   Thumb Code     2  startup_tm4c129.o(.text)
    MemManage_Handler                        0x00000259   Thumb Code     2  startup_tm4c129.o(.text)
    BusFault_Handler                         0x0000025b   Thumb Code     2  startup_tm4c129.o(.text)
    UsageFault_Handler                       0x0000025d   Thumb Code     2  startup_tm4c129.o(.text)
    SVC_Handler                              0x0000025f   Thumb Code     2  startup_tm4c129.o(.text)
    DebugMon_Handler                         0x00000261   Thumb Code     2  startup_tm4c129.o(.text)
    PendSV_Handler                           0x00000263   Thumb Code     2  startup_tm4c129.o(.text)
    SysTick_Handler                          0x00000265   Thumb Code     2  startup_tm4c129.o(.text)
    GPIOA_Handler                            0x00000267   Thumb Code     2  startup_tm4c129.o(.text)
    GPIOB_Handler                            0x00000269   Thumb Code     2  startup_tm4c129.o(.text)
    GPIOC_Handler                            0x0000026b   Thumb Code     2  startup_tm4c129.o(.text)
    GPIOD_Handler                            0x0000026d   Thumb Code     2  startup_tm4c129.o(.text)
    GPIOE_Handler                            0x0000026f   Thumb Code     2  startup_tm4c129.o(.text)
    UART0_Handler                            0x00000271   Thumb Code     2  startup_tm4c129.o(.text)
    UART1_Handler                            0x00000273   Thumb Code     2  startup_tm4c129.o(.text)
    SSI0_Handler                             0x00000275   Thumb Code     2  startup_tm4c129.o(.text)
    I2C0_Handler                             0x00000277   Thumb Code     2  startup_tm4c129.o(.text)
    PMW0_FAULT_Handler                       0x00000279   Thumb Code     2  startup_tm4c129.o(.text)
    PWM0_0_Handler                           0x0000027b   Thumb Code     2  startup_tm4c129.o(.text)
    PWM0_1_Handler                           0x0000027d   Thumb Code     2  startup_tm4c129.o(.text)
    PWM0_2_Handler                           0x0000027f   Thumb Code     2  startup_tm4c129.o(.text)
    QEI0_Handler                             0x00000281   Thumb Code     2  startup_tm4c129.o(.text)
    ADC0SS0_Handler                          0x00000283   Thumb Code     2  startup_tm4c129.o(.text)
    ADC0SS1_Handler                          0x00000285   Thumb Code     2  startup_tm4c129.o(.text)
    ADC0SS2_Handler                          0x00000287   Thumb Code     2  startup_tm4c129.o(.text)
    ADC0SS3_Handler                          0x00000289   Thumb Code     2  startup_tm4c129.o(.text)
    WDT0_Handler                             0x0000028b   Thumb Code     2  startup_tm4c129.o(.text)
    TIMER0A_Handler                          0x0000028d   Thumb Code     2  startup_tm4c129.o(.text)
    TIMER0B_Handler                          0x0000028f   Thumb Code     2  startup_tm4c129.o(.text)
    TIMER1A_Handler                          0x00000291   Thumb Code     2  startup_tm4c129.o(.text)
    TIMER1B_Handler                          0x00000293   Thumb Code     2  startup_tm4c129.o(.text)
    TIMER2A_Handler                          0x00000295   Thumb Code     2  startup_tm4c129.o(.text)
    TIMER2B_Handler                          0x00000297   Thumb Code     2  startup_tm4c129.o(.text)
    COMP0_Handler                            0x00000299   Thumb Code     2  startup_tm4c129.o(.text)
    COMP1_Handler                            0x0000029b   Thumb Code     2  startup_tm4c129.o(.text)
    COMP2_Handler                            0x0000029d   Thumb Code     2  startup_tm4c129.o(.text)
    SYSCTL_Handler                           0x0000029f   Thumb Code     2  startup_tm4c129.o(.text)
    FLASH_Handler                            0x000002a1   Thumb Code     2  startup_tm4c129.o(.text)
    GPIOF_Handler                            0x000002a3   Thumb Code     2  startup_tm4c129.o(.text)
    GPIOG_Handler                            0x000002a5   Thumb Code     2  startup_tm4c129.o(.text)
    GPIOH_Handler                            0x000002a7   Thumb Code     2  startup_tm4c129.o(.text)
    UART2_Handler                            0x000002a9   Thumb Code     2  startup_tm4c129.o(.text)
    SSI1_Handler                             0x000002ab   Thumb Code     2  startup_tm4c129.o(.text)
    TIMER3A_Handler                          0x000002ad   Thumb Code     2  startup_tm4c129.o(.text)
    TIMER3B_Handler                          0x000002af   Thumb Code     2  startup_tm4c129.o(.text)
    I2C1_Handler                             0x000002b1   Thumb Code     2  startup_tm4c129.o(.text)
    CAN0_Handler                             0x000002b3   Thumb Code     2  startup_tm4c129.o(.text)
    CAN1_Handler                             0x000002b5   Thumb Code     2  startup_tm4c129.o(.text)
    ETH_Handler                              0x000002b7   Thumb Code     2  startup_tm4c129.o(.text)
    HIB_Handler                              0x000002b9   Thumb Code     2  startup_tm4c129.o(.text)
    USB0_Handler                             0x000002bb   Thumb Code     2  startup_tm4c129.o(.text)
    PWM0_3_Handler                           0x000002bd   Thumb Code     2  startup_tm4c129.o(.text)
    UDMA_Handler                             0x000002bf   Thumb Code     2  startup_tm4c129.o(.text)
    UDMAERR_Handler                          0x000002c1   Thumb Code     2  startup_tm4c129.o(.text)
    ADC1SS0_Handler                          0x000002c3   Thumb Code     2  startup_tm4c129.o(.text)
    ADC1SS1_Handler                          0x000002c5   Thumb Code     2  startup_tm4c129.o(.text)
    ADC1SS2_Handler                          0x000002c7   Thumb Code     2  startup_tm4c129.o(.text)
    ADC1SS3_Handler                          0x000002c9   Thumb Code     2  startup_tm4c129.o(.text)
    EBI0_Handler                             0x000002cb   Thumb Code     2  startup_tm4c129.o(.text)
    GPIOJ_Handler                            0x000002cd   Thumb Code     2  startup_tm4c129.o(.text)
    GPIOK_Handler                            0x000002cf   Thumb Code     2  startup_tm4c129.o(.text)
    GPIOL_Handler                            0x000002d1   Thumb Code     2  startup_tm4c129.o(.text)
    SSI2_Handler                             0x000002d3   Thumb Code     2  startup_tm4c129.o(.text)
    SSI3_Handler                             0x000002d5   Thumb Code     2  startup_tm4c129.o(.text)
    UART3_Handler                            0x000002d7   Thumb Code     2  startup_tm4c129.o(.text)
    UART4_Handler                            0x000002d9   Thumb Code     2  startup_tm4c129.o(.text)
    UART5_Handler                            0x000002db   Thumb Code     2  startup_tm4c129.o(.text)
    UART6_Handler                            0x000002dd   Thumb Code     2  startup_tm4c129.o(.text)
    UART7_Handler                            0x000002df   Thumb Code     2  startup_tm4c129.o(.text)
    I2C2_Handler                             0x000002e1   Thumb Code     2  startup_tm4c129.o(.text)
    I2C3_Handler                             0x000002e3   Thumb Code     2  startup_tm4c129.o(.text)
    TIMER4A_Handler                          0x000002e5   Thumb Code     2  startup_tm4c129.o(.text)
    TIMER4B_Handler                          0x000002e7   Thumb Code     2  startup_tm4c129.o(.text)
    TIMER5A_Handler                          0x000002e9   Thumb Code     2  startup_tm4c129.o(.text)
    TIMER5B_Handler                          0x000002eb   Thumb Code     2  startup_tm4c129.o(.text)
    WTIMER0A_Handler                         0x000002ed   Thumb Code     2  startup_tm4c129.o(.text)
    WTIMER0B_Handler                         0x000002ef   Thumb Code     2  startup_tm4c129.o(.text)
    WTIMER1A_Handler                         0x000002f1   Thumb Code     2  startup_tm4c129.o(.text)
    WTIMER1B_Handler                         0x000002f3   Thumb Code     2  startup_tm4c129.o(.text)
    WTIMER2A_Handler                         0x000002f5   Thumb Code     2  startup_tm4c129.o(.text)
    WTIMER2B_Handler                         0x000002f7   Thumb Code     2  startup_tm4c129.o(.text)
    WTIMER3A_Handler                         0x000002f9   Thumb Code     2  startup_tm4c129.o(.text)
    WTIMER3B_Handler                         0x000002fb   Thumb Code     2  startup_tm4c129.o(.text)
    WTIMER4A_Handler                         0x000002fd   Thumb Code     2  startup_tm4c129.o(.text)
    WTIMER4B_Handler                         0x000002ff   Thumb Code     2  startup_tm4c129.o(.text)
    WTIMER5A_Handler                         0x00000301   Thumb Code     2  startup_tm4c129.o(.text)
    WTIMER5B_Handler                         0x00000303   Thumb Code     2  startup_tm4c129.o(.text)
    FPU_Handler                              0x00000305   Thumb Code     2  startup_tm4c129.o(.text)
    I2C4_Handler                             0x00000307   Thumb Code     2  startup_tm4c129.o(.text)
    I2C5_Handler                             0x00000309   Thumb Code     2  startup_tm4c129.o(.text)
    GPIOM_Handler                            0x0000030b   Thumb Code     2  startup_tm4c129.o(.text)
    GPION_Handler                            0x0000030d   Thumb Code     2  startup_tm4c129.o(.text)
    TAMPER_Handler                           0x0000030f   Thumb Code     2  startup_tm4c129.o(.text)
    GPIOP0_Handler                           0x00000311   Thumb Code     2  startup_tm4c129.o(.text)
    GPIOP1_Handler                           0x00000313   Thumb Code     2  startup_tm4c129.o(.text)
    GPIOP2_Handler                           0x00000315   Thumb Code     2  startup_tm4c129.o(.text)
    GPIOP3_Handler                           0x00000317   Thumb Code     2  startup_tm4c129.o(.text)
    GPIOP4_Handler                           0x00000319   Thumb Code     2  startup_tm4c129.o(.text)
    GPIOP5_Handler                           0x0000031b   Thumb Code     2  startup_tm4c129.o(.text)
    GPIOP6_Handler                           0x0000031d   Thumb Code     2  startup_tm4c129.o(.text)
    GPIOP7_Handler                           0x0000031f   Thumb Code     2  startup_tm4c129.o(.text)
    GPIOQ0_Handler                           0x00000321   Thumb Code     2  startup_tm4c129.o(.text)
    GPIOQ1_Handler                           0x00000323   Thumb Code     2  startup_tm4c129.o(.text)
    GPIOQ2_Handler                           0x00000325   Thumb Code     2  startup_tm4c129.o(.text)
    GPIOQ3_Handler                           0x00000327   Thumb Code     2  startup_tm4c129.o(.text)
    GPIOQ4_Handler                           0x00000329   Thumb Code     2  startup_tm4c129.o(.text)
    GPIOQ5_Handler                           0x0000032b   Thumb Code     2  startup_tm4c129.o(.text)
    GPIOQ6_Handler                           0x0000032d   Thumb Code     2  startup_tm4c129.o(.text)
    GPIOQ7_Handler                           0x0000032f   Thumb Code     2  startup_tm4c129.o(.text)
    GPIOR_Handler                            0x00000331   Thumb Code     2  startup_tm4c129.o(.text)
    GPIOS_Handler                            0x00000333   Thumb Code     2  startup_tm4c129.o(.text)
    SHAMD5_Handler                           0x00000335   Thumb Code     2  startup_tm4c129.o(.text)
    AES_Handler                              0x00000337   Thumb Code     2  startup_tm4c129.o(.text)
    DES3DES_Handler                          0x00000339   Thumb Code     2  startup_tm4c129.o(.text)
    LCDCONTROLLER_Handler                    0x0000033b   Thumb Code     2  startup_tm4c129.o(.text)
    TIMER6A_Handler                          0x0000033d   Thumb Code     2  startup_tm4c129.o(.text)
    TIMER6B_Handler                          0x0000033f   Thumb Code     2  startup_tm4c129.o(.text)
    TIMER7A_Handler                          0x00000341   Thumb Code     2  startup_tm4c129.o(.text)
    TIMER7B_Handler                          0x00000343   Thumb Code     2  startup_tm4c129.o(.text)
    I2C6_Handler                             0x00000345   Thumb Code     2  startup_tm4c129.o(.text)
    I2C7_Handler                             0x00000347   Thumb Code     2  startup_tm4c129.o(.text)
    HIMSCANKEYBOARD_Handler                  0x00000349   Thumb Code     2  startup_tm4c129.o(.text)
    ONEWIRE_Handler                          0x0000034b   Thumb Code     2  startup_tm4c129.o(.text)
    HIMPS2_Handler                           0x0000034d   Thumb Code     2  startup_tm4c129.o(.text)
    HIMLEDSEQUENCER_Handler                  0x0000034f   Thumb Code     2  startup_tm4c129.o(.text)
    HIMCONSUMERIR_Handler                    0x00000351   Thumb Code     2  startup_tm4c129.o(.text)
    I2C8_Handler                             0x00000353   Thumb Code     2  startup_tm4c129.o(.text)
    I2C9_Handler                             0x00000355   Thumb Code     2  startup_tm4c129.o(.text)
    GPIOT_Handler                            0x00000357   Thumb Code     2  startup_tm4c129.o(.text)
    __user_initial_stackheap                 0x00000359   Thumb Code     0  startup_tm4c129.o(.text)
    __aeabi_memcpy4                          0x00000379   Thumb Code     0  rt_memcpy_w.o(.text)
    __aeabi_memcpy8                          0x00000379   Thumb Code     0  rt_memcpy_w.o(.text)
    __rt_memcpy_w                            0x00000379   Thumb Code   100  rt_memcpy_w.o(.text)
    _memcpy_lastbytes_aligned                0x000003c1   Thumb Code     0  rt_memcpy_w.o(.text)
    __use_two_region_memory                  0x000003dd   Thumb Code     2  heapauxi.o(.text)
    __rt_heap_escrow$2region                 0x000003df   Thumb Code     2  heapauxi.o(.text)
    __rt_heap_expand$2region                 0x000003e1   Thumb Code     2  heapauxi.o(.text)
    SystemInit                               0x000003e5   Thumb Code    20  system_tm4c129.o(i.SystemInit)
    __main                                   0x00000405   Thumb Code   194  driver_keil.o(i.__main)
    SystemCoreClock                          0x20000000   Data           4  system_tm4c129.o(.data)



==============================================================================

Memory Map of the image

  Image Entry point : 0x0000024d

  Load Region LR_1 (Base: 0x00000000, Size: 0x000004f4, Max: 0xffffffff, ABSOLUTE)

    Execution Region ER_RO (Exec base: 0x00000000, Load base: 0x00000000, Size: 0x000004f0, Max: 0xffffffff, ABSOLUTE)

    Exec Addr    Load Addr    Size         Type   Attr      Idx    E Section Name        Object

    0x00000000   0x00000000   0x00000200   Data   RO           20    RESET               startup_tm4c129.o
    0x00000200   0x00000200   0x0000004c   Code   RO           14    .text               stdlib.o
    0x0000024c   0x0000024c   0x0000012c   Code   RO           21  * .text               startup_tm4c129.o
    0x00000378   0x00000378   0x00000064   Code   RO           85    .text               c_w.l(rt_memcpy_w.o)
    0x000003dc   0x000003dc   0x00000006   Code   RO           87    .text               c_w.l(heapauxi.o)
    0x000003e2   0x000003e2   0x00000002   PAD
    0x000003e4   0x000003e4   0x00000020   Code   RO           29    i.SystemInit        system_tm4c129.o
    0x00000404   0x00000404   0x000000ec   Code   RO            1    i.__main            driver_keil.o


    Execution Region ER_RW (Exec base: 0x20000000, Load base: 0x000004f0, Size: 0x00000004, Max: 0xffffffff, ABSOLUTE)

    Exec Addr    Load Addr    Size         Type   Attr      Idx    E Section Name        Object

    0x20000000   0x000004f0   0x00000004   Data   RW           30    .data               system_tm4c129.o


    Execution Region ER_ZI (Exec base: 0x20000004, Load base: 0x000004f4, Size: 0x00000204, Max: 0xffffffff, ABSOLUTE)

    Exec Addr    Load Addr    Size         Type   Attr      Idx    E Section Name        Object

    0x20000004   0x000004f4   0x00000004   PAD
    0x20000008        -       0x00000000   Zero   RW           19    HEAP                startup_tm4c129.o
    0x20000008        -       0x00000200   Zero   RW           18    STACK               startup_tm4c129.o


==============================================================================

Image component sizes


      Code (inc. data)   RO Data    RW Data    ZI Data      Debug   Object Name

       236         42          0          0          0       2205   driver_keil.o
       300         22        512          0        512       5996   startup_tm4c129.o
        76          0          0          0          0        256   stdlib.o
        32         12          0          4          0       3779   system_tm4c129.o

    ----------------------------------------------------------------------
       644         76        512          4        516      12236   Object Totals
         0          0          0          0          0          0   (incl. Generated)
         0          0          0          0          4          0   (incl. Padding)

    ----------------------------------------------------------------------

      Code (inc. data)   RO Data    RW Data    ZI Data      Debug   Library Member Name

         6          0          0          0          0        152   heapauxi.o
       100          0          0          0          0         80   rt_memcpy_w.o

    ----------------------------------------------------------------------
       108          0          0          0          0        232   Library Totals
         2          0          0          0          0          0   (incl. Padding)

    ----------------------------------------------------------------------

      Code (inc. data)   RO Data    RW Data    ZI Data      Debug   Library Name

       106          0          0          0          0        232   c_w.l

    ----------------------------------------------------------------------
       108          0          0          0          0        232   Library Totals

    ----------------------------------------------------------------------

==============================================================================


      Code (inc. data)   RO Data    RW Data    ZI Data      Debug   

       752         76        512          4        516      12468   Grand Totals
       752         76        512          4        516      12468   ELF Image Totals
       752         76        512          4          0          0   ROM Totals

==============================================================================

    Total RO  Size (Code + RO Data)                 1264 (   1.23kB)
    Total RW  Size (RW Data + ZI Data)               520 (   0.51kB)
    Total ROM Size (Code + RO Data + RW Data)       1268 (   1.24kB)

==============================================================================

